workers ready for dba_a,dba_b
== Finding 1: durable failed-recovery audit ==
NOTICE:  pg_flashback: created logical replication slot pg_flashback_dba_a
  PASS: f1 before_materialize durable failed
NOTICE:  table "__fb_lsn_shadow_1" does not exist, skipping
NOTICE:  table "__fb_lsn_shadow_1" does not exist, skipping
NOTICE:  table "dba_fail" does not exist, skipping
NOTICE:  pg_flashback: restore applied at target LSN 0/24150D0; successor coverage is pending until this transaction COMMIT is consumed. Check flashback_health() before another historical operation.
NOTICE:  table "__fb_lsn_shadow_2" does not exist, skipping
NOTICE:  table "__fb_lsn_shadow_2" does not exist, skipping
NOTICE:  table "dba_fail2" does not exist, skipping
NOTICE:  pg_flashback: restore applied at target LSN 0/2495DA0; successor coverage is pending until this transaction COMMIT is consumed. Check flashback_health() before another historical operation.
  PASS: f1 after_swap + abandon reconcile
== Finding 2: exact successor-bound verification ==
  PASS: f2 fake generation not verified
== Finding 3: reprotect after unprotect ==
NOTICE:  table "__fb_lsn_shadow_5" does not exist, skipping
NOTICE:  table "__fb_lsn_shadow_5" does not exist, skipping
NOTICE:  table "dba_repro" does not exist, skipping
NOTICE:  pg_flashback: restore applied at target LSN 0/2594930; successor coverage is pending until this transaction COMMIT is consumed. Check flashback_health() before another historical operation.
  PASS: f3 reprotect + cleanup + recover
== Finding 4: identity sequence name preservation ==
NOTICE:  table "__fb_lsn_shadow_6" does not exist, skipping
NOTICE:  table "__fb_lsn_shadow_6" does not exist, skipping
NOTICE:  table "dba_id_seq" does not exist, skipping
NOTICE:  pg_flashback: restore applied at target LSN 0/263B150; successor coverage is pending until this transaction COMMIT is consumed. Check flashback_health() before another historical operation.
NOTICE:  table "__fb_lsn_shadow_7" does not exist, skipping
NOTICE:  table "__fb_lsn_shadow_7" does not exist, skipping
NOTICE:  table "Odd Table" does not exist, skipping
NOTICE:  pg_flashback: restore applied at target LSN 0/263DA58; successor coverage is pending until this transaction COMMIT is consumed. Check flashback_health() before another historical operation.
  PASS: f4 identity sequence names + collision refuse
== Finding 5: CASCADE plan matches execute ==
NOTICE:  drop cascades to 2 other objects
DETAIL:  drop cascades to view dba_casc_v
drop cascades to view dba_casc_v2
  PASS: f5 CASCADE plan=execute non_restorable
== Finding 6: multi-database CLI ==
NOTICE:  pg_flashback: created logical replication slot pg_flashback_dba_b
  PASS: f6 multi-DB JSON + isolation
== Finding 7: CLI --json after command ==
  PASS: f7 list --json
== Finding 8: post-DROP discovery UX ==
  PASS: f8 capture_catchup_pending exposed
== Finding 9: PATH collision detection ==
  PASS: f9 PATH collision observable; candidate hash=7d09d3165c3008b0bf81505a1121fbcfff25ec89b64efeb4ba107cebd02d2908
All DBA acceptance cases finished: passed=10 failed=0
DBA acceptance: PASS (/home/caghan.linux/table-restore/pg_flashback/target/dba-acceptance/20260723T184541Z-56369/dba-acceptance-20260723T184541Z-56369.json)
