[drop-adversarial] 21:45:54 PASS[1]: cli_doctor
[drop-adversarial] 21:45:54 PASS[2]: control_chars_rejected
[drop-adversarial] 21:45:54 PASS[3]: unlogged_rejected
[drop-adversarial] 21:45:54 PASS[4]: partitioned_rejected
NOTICE:  pg_flashback: created logical replication slot pg_flashback_postgres
NOTICE:  table "__fb_lsn_shadow_1" does not exist, skipping
NOTICE:  table "__fb_lsn_shadow_1" does not exist, skipping
NOTICE:  table "orders" does not exist, skipping
NOTICE:  pg_flashback: restore applied at target LSN 0/1849C40; successor coverage is pending until this transaction COMMIT is consumed. Check flashback_health() before another historical operation.
[drop-adversarial] 21:45:56 PASS[5]: schema_drop_recover
[drop-adversarial] 21:45:56 PASS[6]: same_name_identity_conflict
[drop-adversarial] 21:45:57 PASS[7]: slot_loss_drop_path
NOTICE:  pg_flashback: created logical replication slot pg_flashback_postgres
[drop-adversarial] 21:46:00 PASS[8]: concurrent_recover
[drop-adversarial] 21:46:00 PASS[9]: protect_idempotent
[drop-adversarial] 21:46:02 PASS[10]: capacity_reject_recover
[drop-adversarial] 21:46:32 PASS[11]: zero_drop_events
[drop-adversarial] 21:46:33 PASS[12]: latest_drop_no_silent_fallback
NOTICE:  table "__fb_lsn_shadow_7" does not exist, skipping
NOTICE:  table "__fb_lsn_shadow_7" does not exist, skipping
NOTICE:  table "adv_fp" does not exist, skipping
NOTICE:  pg_flashback: restore applied at target LSN 0/1C44C88; successor coverage is pending until this transaction COMMIT is consumed. Check flashback_health() before another historical operation.
[drop-adversarial] 21:46:35 PASS[13]: failpoint_before_materialize
[drop-adversarial] 21:46:35 result: /home/caghan.linux/table-restore/pg_flashback/target/exact-candidate-drop-adversarial/results/drop-adversarial-20260723T184553Z-57305.json status=passed passed=13 failed=0
