2026-07-23 21:46:36.050 P00   INFO: stanza-create command begin 2.53.1: --config=/home/caghan.linux/table-restore/pg_flashback/target/exact-candidate-drop/runs/20260723T184635Z-59378/pgbackrest.conf --exec-id=59538-79ae86a0 --log-level-console=info --log-level-file=detail --log-path=/home/caghan.linux/table-restore/pg_flashback/target/exact-candidate-drop/runs/20260723T184635Z-59378/log --pg1-path=/home/caghan.linux/table-restore/pg_flashback/target/exact-candidate-drop/runs/20260723T184635Z-59378/primary --pg1-port=53378 --pg1-socket-path=/tmp/pgfb-drop-20260723T184635Z-59378 --repo1-path=/home/caghan.linux/table-restore/pg_flashback/target/exact-candidate-drop/runs/20260723T184635Z-59378/repo --stanza=drop_qualification
2026-07-23 21:46:36.662 P00   INFO: stanza-create for stanza 'drop_qualification' on repo1
2026-07-23 21:46:36.669 P00   INFO: stanza-create command end: completed successfully (620ms)
[exact-candidate-drop] 21:46:36 starting repeated local DROP matrix: 10 iterations
NOTICE:  pg_flashback: created logical replication slot pg_flashback_dropdb
NOTICE:  schema "pg_temp" does not exist, skipping
NOTICE:  table "_fb_wal_lock_ids" does not exist, skipping
NOTICE:  table "_fb_wal_batch" does not exist, skipping
NOTICE:  table "_fb_wal_commits" does not exist, skipping
NOTICE:  table "_fb_wal_events" does not exist, skipping
NOTICE:  table "_fb_wal_relevant_commits" does not exist, skipping
NOTICE:  schema "pg_temp" does not exist, skipping
NOTICE:  table "_fb_wal_lock_ids" does not exist, skipping
NOTICE:  table "_fb_wal_batch" does not exist, skipping
NOTICE:  table "_fb_wal_commits" does not exist, skipping
NOTICE:  table "_fb_wal_events" does not exist, skipping
NOTICE:  table "_fb_wal_relevant_commits" does not exist, skipping
NOTICE:  schema "pg_temp" does not exist, skipping
NOTICE:  table "_fb_wal_lock_ids" does not exist, skipping
NOTICE:  table "_fb_wal_batch" does not exist, skipping
NOTICE:  table "_fb_wal_commits" does not exist, skipping
NOTICE:  table "_fb_wal_events" does not exist, skipping
NOTICE:  table "_fb_wal_relevant_commits" does not exist, skipping
NOTICE:  schema "pg_temp" does not exist, skipping
NOTICE:  table "_fb_wal_lock_ids" does not exist, skipping
NOTICE:  table "_fb_wal_batch" does not exist, skipping
NOTICE:  table "_fb_wal_commits" does not exist, skipping
NOTICE:  table "_fb_wal_events" does not exist, skipping
NOTICE:  table "_fb_wal_relevant_commits" does not exist, skipping
NOTICE:  schema "pg_temp" does not exist, skipping
NOTICE:  table "_fb_wal_lock_ids" does not exist, skipping
NOTICE:  table "_fb_wal_batch" does not exist, skipping
NOTICE:  table "_fb_wal_commits" does not exist, skipping
NOTICE:  table "_fb_wal_events" does not exist, skipping
NOTICE:  table "_fb_wal_relevant_commits" does not exist, skipping
NOTICE:  schema "pg_temp" does not exist, skipping
NOTICE:  table "_fb_wal_lock_ids" does not exist, skipping
NOTICE:  table "_fb_wal_batch" does not exist, skipping
NOTICE:  table "_fb_wal_commits" does not exist, skipping
NOTICE:  table "_fb_wal_events" does not exist, skipping
NOTICE:  table "_fb_wal_relevant_commits" does not exist, skipping
NOTICE:  schema "pg_temp" does not exist, skipping
NOTICE:  table "_fb_wal_lock_ids" does not exist, skipping
NOTICE:  table "_fb_wal_batch" does not exist, skipping
NOTICE:  table "_fb_wal_commits" does not exist, skipping
NOTICE:  table "_fb_wal_events" does not exist, skipping
NOTICE:  table "_fb_wal_relevant_commits" does not exist, skipping
NOTICE:  schema "pg_temp" does not exist, skipping
NOTICE:  table "_fb_wal_lock_ids" does not exist, skipping
NOTICE:  table "_fb_wal_batch" does not exist, skipping
NOTICE:  table "_fb_wal_commits" does not exist, skipping
NOTICE:  table "_fb_wal_events" does not exist, skipping
NOTICE:  table "_fb_wal_relevant_commits" does not exist, skipping
NOTICE:  schema "pg_temp" does not exist, skipping
NOTICE:  table "_fb_wal_lock_ids" does not exist, skipping
NOTICE:  table "_fb_wal_batch" does not exist, skipping
NOTICE:  table "_fb_wal_commits" does not exist, skipping
NOTICE:  table "_fb_wal_events" does not exist, skipping
NOTICE:  table "_fb_wal_relevant_commits" does not exist, skipping
NOTICE:  schema "pg_temp" does not exist, skipping
NOTICE:  table "_fb_wal_lock_ids" does not exist, skipping
NOTICE:  table "_fb_wal_batch" does not exist, skipping
NOTICE:  table "_fb_wal_commits" does not exist, skipping
NOTICE:  table "_fb_wal_events" does not exist, skipping
NOTICE:  table "_fb_wal_relevant_commits" does not exist, skipping
NOTICE:  schema "pg_temp" does not exist, skipping
NOTICE:  table "_fb_wal_lock_ids" does not exist, skipping
NOTICE:  table "_fb_wal_batch" does not exist, skipping
NOTICE:  table "_fb_wal_commits" does not exist, skipping
NOTICE:  table "_fb_wal_events" does not exist, skipping
NOTICE:  table "_fb_wal_relevant_commits" does not exist, skipping
NOTICE:  schema "pg_temp" does not exist, skipping
NOTICE:  table "_fb_wal_lock_ids" does not exist, skipping
NOTICE:  table "_fb_wal_batch" does not exist, skipping
NOTICE:  table "_fb_wal_commits" does not exist, skipping
NOTICE:  table "_fb_wal_events" does not exist, skipping
NOTICE:  table "_fb_wal_relevant_commits" does not exist, skipping
NOTICE:  schema "pg_temp" does not exist, skipping
NOTICE:  table "_fb_wal_lock_ids" does not exist, skipping
NOTICE:  table "_fb_wal_batch" does not exist, skipping
NOTICE:  table "_fb_wal_commits" does not exist, skipping
NOTICE:  table "_fb_wal_events" does not exist, skipping
NOTICE:  table "_fb_wal_relevant_commits" does not exist, skipping
NOTICE:  schema "pg_temp" does not exist, skipping
NOTICE:  table "_fb_wal_lock_ids" does not exist, skipping
NOTICE:  table "_fb_wal_batch" does not exist, skipping
NOTICE:  table "_fb_wal_commits" does not exist, skipping
NOTICE:  table "_fb_wal_events" does not exist, skipping
NOTICE:  table "_fb_wal_relevant_commits" does not exist, skipping
NOTICE:  schema "pg_temp" does not exist, skipping
NOTICE:  table "_fb_wal_lock_ids" does not exist, skipping
NOTICE:  table "_fb_wal_batch" does not exist, skipping
NOTICE:  table "_fb_wal_commits" does not exist, skipping
NOTICE:  table "_fb_wal_events" does not exist, skipping
NOTICE:  table "_fb_wal_relevant_commits" does not exist, skipping
NOTICE:  schema "pg_temp" does not exist, skipping
NOTICE:  table "_fb_wal_lock_ids" does not exist, skipping
NOTICE:  table "_fb_wal_batch" does not exist, skipping
NOTICE:  table "_fb_wal_commits" does not exist, skipping
NOTICE:  table "_fb_wal_events" does not exist, skipping
NOTICE:  table "_fb_wal_relevant_commits" does not exist, skipping
NOTICE:  schema "pg_temp" does not exist, skipping
NOTICE:  table "_fb_wal_lock_ids" does not exist, skipping
NOTICE:  table "_fb_wal_batch" does not exist, skipping
NOTICE:  table "_fb_wal_commits" does not exist, skipping
NOTICE:  table "_fb_wal_events" does not exist, skipping
NOTICE:  table "_fb_wal_relevant_commits" does not exist, skipping
NOTICE:  schema "pg_temp" does not exist, skipping
NOTICE:  table "_fb_wal_lock_ids" does not exist, skipping
NOTICE:  table "_fb_wal_batch" does not exist, skipping
NOTICE:  table "_fb_wal_commits" does not exist, skipping
NOTICE:  table "_fb_wal_events" does not exist, skipping
NOTICE:  table "_fb_wal_relevant_commits" does not exist, skipping
NOTICE:  schema "pg_temp" does not exist, skipping
NOTICE:  table "_fb_wal_lock_ids" does not exist, skipping
NOTICE:  table "_fb_wal_batch" does not exist, skipping
NOTICE:  table "_fb_wal_commits" does not exist, skipping
NOTICE:  table "_fb_wal_events" does not exist, skipping
NOTICE:  table "_fb_wal_relevant_commits" does not exist, skipping
NOTICE:  schema "pg_temp" does not exist, skipping
NOTICE:  table "_fb_wal_lock_ids" does not exist, skipping
NOTICE:  table "_fb_wal_batch" does not exist, skipping
NOTICE:  table "_fb_wal_commits" does not exist, skipping
NOTICE:  table "_fb_wal_events" does not exist, skipping
NOTICE:  table "_fb_wal_relevant_commits" does not exist, skipping
NOTICE:  schema "pg_temp" does not exist, skipping
NOTICE:  table "_fb_wal_lock_ids" does not exist, skipping
NOTICE:  table "_fb_wal_batch" does not exist, skipping
NOTICE:  table "_fb_wal_commits" does not exist, skipping
NOTICE:  table "_fb_wal_events" does not exist, skipping
NOTICE:  table "_fb_wal_relevant_commits" does not exist, skipping
NOTICE:  schema "pg_temp" does not exist, skipping
NOTICE:  table "_fb_wal_lock_ids" does not exist, skipping
NOTICE:  table "_fb_wal_batch" does not exist, skipping
NOTICE:  table "_fb_wal_commits" does not exist, skipping
NOTICE:  table "_fb_wal_events" does not exist, skipping
NOTICE:  table "_fb_wal_relevant_commits" does not exist, skipping
NOTICE:  schema "pg_temp" does not exist, skipping
NOTICE:  table "_fb_wal_lock_ids" does not exist, skipping
NOTICE:  table "_fb_wal_batch" does not exist, skipping
NOTICE:  table "_fb_wal_commits" does not exist, skipping
NOTICE:  table "_fb_wal_events" does not exist, skipping
NOTICE:  table "_fb_wal_relevant_commits" does not exist, skipping
NOTICE:  schema "pg_temp" does not exist, skipping
NOTICE:  table "_fb_wal_lock_ids" does not exist, skipping
NOTICE:  table "_fb_wal_batch" does not exist, skipping
NOTICE:  table "_fb_wal_commits" does not exist, skipping
NOTICE:  table "_fb_wal_events" does not exist, skipping
NOTICE:  table "_fb_wal_relevant_commits" does not exist, skipping
NOTICE:  schema "pg_temp" does not exist, skipping
NOTICE:  table "_fb_wal_lock_ids" does not exist, skipping
NOTICE:  table "_fb_wal_batch" does not exist, skipping
NOTICE:  table "_fb_wal_commits" does not exist, skipping
NOTICE:  table "_fb_wal_events" does not exist, skipping
NOTICE:  table "_fb_wal_relevant_commits" does not exist, skipping
NOTICE:  schema "pg_temp" does not exist, skipping
NOTICE:  table "_fb_wal_lock_ids" does not exist, skipping
NOTICE:  table "_fb_wal_batch" does not exist, skipping
NOTICE:  table "_fb_wal_commits" does not exist, skipping
NOTICE:  table "_fb_wal_events" does not exist, skipping
NOTICE:  table "_fb_wal_relevant_commits" does not exist, skipping
NOTICE:  schema "pg_temp" does not exist, skipping
NOTICE:  table "_fb_wal_lock_ids" does not exist, skipping
NOTICE:  table "_fb_wal_batch" does not exist, skipping
NOTICE:  table "_fb_wal_commits" does not exist, skipping
NOTICE:  table "_fb_wal_events" does not exist, skipping
NOTICE:  table "_fb_wal_relevant_commits" does not exist, skipping
NOTICE:  schema "pg_temp" does not exist, skipping
NOTICE:  table "_fb_wal_lock_ids" does not exist, skipping
NOTICE:  table "_fb_wal_batch" does not exist, skipping
NOTICE:  table "_fb_wal_commits" does not exist, skipping
NOTICE:  table "_fb_wal_events" does not exist, skipping
NOTICE:  table "_fb_wal_relevant_commits" does not exist, skipping
NOTICE:  schema "pg_temp" does not exist, skipping
NOTICE:  table "_fb_wal_lock_ids" does not exist, skipping
NOTICE:  table "_fb_wal_batch" does not exist, skipping
NOTICE:  table "_fb_wal_commits" does not exist, skipping
NOTICE:  table "_fb_wal_events" does not exist, skipping
NOTICE:  table "_fb_wal_relevant_commits" does not exist, skipping
NOTICE:  schema "pg_temp" does not exist, skipping
NOTICE:  table "_fb_wal_lock_ids" does not exist, skipping
NOTICE:  table "_fb_wal_batch" does not exist, skipping
NOTICE:  table "_fb_wal_commits" does not exist, skipping
NOTICE:  table "_fb_wal_events" does not exist, skipping
NOTICE:  table "_fb_wal_relevant_commits" does not exist, skipping
[exact-candidate-drop] 21:46:39 repeated DROP progress 10/10
NOTICE:  schema "pg_temp" does not exist, skipping
NOTICE:  table "_fb_wal_lock_ids" does not exist, skipping
NOTICE:  table "_fb_wal_batch" does not exist, skipping
NOTICE:  table "_fb_wal_commits" does not exist, skipping
NOTICE:  table "_fb_wal_events" does not exist, skipping
NOTICE:  table "_fb_wal_relevant_commits" does not exist, skipping
[exact-candidate-drop] 21:46:39 building medium local DROP relation: 50000 rows
NOTICE:  schema "pg_temp" does not exist, skipping
NOTICE:  table "_fb_wal_lock_ids" does not exist, skipping
NOTICE:  table "_fb_wal_batch" does not exist, skipping
NOTICE:  table "_fb_wal_commits" does not exist, skipping
NOTICE:  table "_fb_wal_events" does not exist, skipping
NOTICE:  table "_fb_wal_relevant_commits" does not exist, skipping
NOTICE:  schema "pg_temp" does not exist, skipping
NOTICE:  table "_fb_wal_lock_ids" does not exist, skipping
NOTICE:  table "_fb_wal_batch" does not exist, skipping
NOTICE:  table "_fb_wal_commits" does not exist, skipping
NOTICE:  table "_fb_wal_events" does not exist, skipping
NOTICE:  table "_fb_wal_relevant_commits" does not exist, skipping
NOTICE:  schema "pg_temp" does not exist, skipping
NOTICE:  table "_fb_wal_lock_ids" does not exist, skipping
NOTICE:  table "_fb_wal_batch" does not exist, skipping
NOTICE:  table "_fb_wal_commits" does not exist, skipping
NOTICE:  table "_fb_wal_events" does not exist, skipping
NOTICE:  table "_fb_wal_relevant_commits" does not exist, skipping
NOTICE:  schema "pg_temp" does not exist, skipping
NOTICE:  table "_fb_wal_lock_ids" does not exist, skipping
NOTICE:  table "_fb_wal_batch" does not exist, skipping
NOTICE:  table "_fb_wal_commits" does not exist, skipping
NOTICE:  table "_fb_wal_events" does not exist, skipping
NOTICE:  table "_fb_wal_relevant_commits" does not exist, skipping
NOTICE:  schema "pg_temp" does not exist, skipping
NOTICE:  table "_fb_wal_lock_ids" does not exist, skipping
NOTICE:  table "_fb_wal_batch" does not exist, skipping
NOTICE:  table "_fb_wal_commits" does not exist, skipping
NOTICE:  table "_fb_wal_events" does not exist, skipping
NOTICE:  table "_fb_wal_relevant_commits" does not exist, skipping
NOTICE:  schema "pg_temp" does not exist, skipping
NOTICE:  table "_fb_wal_lock_ids" does not exist, skipping
NOTICE:  table "_fb_wal_batch" does not exist, skipping
NOTICE:  table "_fb_wal_commits" does not exist, skipping
NOTICE:  table "_fb_wal_events" does not exist, skipping
NOTICE:  table "_fb_wal_relevant_commits" does not exist, skipping
NOTICE:  schema "pg_temp" does not exist, skipping
NOTICE:  table "_fb_wal_lock_ids" does not exist, skipping
NOTICE:  table "_fb_wal_batch" does not exist, skipping
NOTICE:  table "_fb_wal_commits" does not exist, skipping
NOTICE:  table "_fb_wal_events" does not exist, skipping
NOTICE:  table "_fb_wal_relevant_commits" does not exist, skipping
NOTICE:  schema "pg_temp" does not exist, skipping
NOTICE:  table "_fb_wal_lock_ids" does not exist, skipping
NOTICE:  table "_fb_wal_batch" does not exist, skipping
NOTICE:  table "_fb_wal_commits" does not exist, skipping
NOTICE:  table "_fb_wal_events" does not exist, skipping
NOTICE:  table "_fb_wal_relevant_commits" does not exist, skipping
NOTICE:  schema "pg_temp" does not exist, skipping
NOTICE:  table "_fb_wal_lock_ids" does not exist, skipping
NOTICE:  table "_fb_wal_batch" does not exist, skipping
NOTICE:  table "_fb_wal_commits" does not exist, skipping
NOTICE:  table "_fb_wal_events" does not exist, skipping
NOTICE:  table "_fb_wal_relevant_commits" does not exist, skipping
NOTICE:  schema "pg_temp" does not exist, skipping
NOTICE:  table "_fb_wal_lock_ids" does not exist, skipping
NOTICE:  table "_fb_wal_batch" does not exist, skipping
NOTICE:  table "_fb_wal_commits" does not exist, skipping
NOTICE:  table "_fb_wal_events" does not exist, skipping
NOTICE:  table "_fb_wal_relevant_commits" does not exist, skipping
NOTICE:  schema "pg_temp" does not exist, skipping
NOTICE:  table "_fb_wal_lock_ids" does not exist, skipping
NOTICE:  table "_fb_wal_batch" does not exist, skipping
NOTICE:  table "_fb_wal_commits" does not exist, skipping
NOTICE:  table "_fb_wal_events" does not exist, skipping
NOTICE:  table "_fb_wal_relevant_commits" does not exist, skipping
NOTICE:  schema "pg_temp" does not exist, skipping
NOTICE:  table "_fb_wal_lock_ids" does not exist, skipping
NOTICE:  table "_fb_wal_batch" does not exist, skipping
NOTICE:  table "_fb_wal_commits" does not exist, skipping
NOTICE:  table "_fb_wal_events" does not exist, skipping
NOTICE:  table "_fb_wal_relevant_commits" does not exist, skipping
NOTICE:  schema "pg_temp" does not exist, skipping
NOTICE:  table "_fb_wal_lock_ids" does not exist, skipping
NOTICE:  table "_fb_wal_batch" does not exist, skipping
NOTICE:  table "_fb_wal_commits" does not exist, skipping
NOTICE:  table "_fb_wal_events" does not exist, skipping
NOTICE:  table "_fb_wal_relevant_commits" does not exist, skipping
NOTICE:  schema "pg_temp" does not exist, skipping
NOTICE:  table "_fb_wal_lock_ids" does not exist, skipping
NOTICE:  table "_fb_wal_batch" does not exist, skipping
NOTICE:  table "_fb_wal_commits" does not exist, skipping
NOTICE:  table "_fb_wal_events" does not exist, skipping
NOTICE:  table "_fb_wal_relevant_commits" does not exist, skipping
NOTICE:  schema "pg_temp" does not exist, skipping
NOTICE:  table "_fb_wal_lock_ids" does not exist, skipping
NOTICE:  table "_fb_wal_batch" does not exist, skipping
NOTICE:  table "_fb_wal_commits" does not exist, skipping
NOTICE:  table "_fb_wal_events" does not exist, skipping
NOTICE:  table "_fb_wal_relevant_commits" does not exist, skipping
NOTICE:  schema "pg_temp" does not exist, skipping
NOTICE:  table "_fb_wal_lock_ids" does not exist, skipping
NOTICE:  table "_fb_wal_batch" does not exist, skipping
NOTICE:  table "_fb_wal_commits" does not exist, skipping
NOTICE:  table "_fb_wal_events" does not exist, skipping
NOTICE:  table "_fb_wal_relevant_commits" does not exist, skipping
NOTICE:  schema "pg_temp" does not exist, skipping
NOTICE:  table "_fb_wal_lock_ids" does not exist, skipping
NOTICE:  table "_fb_wal_batch" does not exist, skipping
NOTICE:  table "_fb_wal_commits" does not exist, skipping
NOTICE:  table "_fb_wal_events" does not exist, skipping
NOTICE:  table "_fb_wal_relevant_commits" does not exist, skipping
NOTICE:  schema "pg_temp" does not exist, skipping
NOTICE:  table "_fb_wal_lock_ids" does not exist, skipping
NOTICE:  table "_fb_wal_batch" does not exist, skipping
NOTICE:  table "_fb_wal_commits" does not exist, skipping
NOTICE:  table "_fb_wal_events" does not exist, skipping
NOTICE:  table "_fb_wal_relevant_commits" does not exist, skipping
NOTICE:  schema "pg_temp" does not exist, skipping
NOTICE:  table "_fb_wal_lock_ids" does not exist, skipping
NOTICE:  table "_fb_wal_batch" does not exist, skipping
NOTICE:  table "_fb_wal_commits" does not exist, skipping
NOTICE:  table "_fb_wal_events" does not exist, skipping
NOTICE:  table "_fb_wal_relevant_commits" does not exist, skipping
NOTICE:  schema "pg_temp" does not exist, skipping
NOTICE:  table "_fb_wal_lock_ids" does not exist, skipping
NOTICE:  table "_fb_wal_batch" does not exist, skipping
NOTICE:  table "_fb_wal_commits" does not exist, skipping
NOTICE:  table "_fb_wal_events" does not exist, skipping
NOTICE:  table "_fb_wal_relevant_commits" does not exist, skipping
NOTICE:  schema "pg_temp" does not exist, skipping
NOTICE:  table "_fb_wal_lock_ids" does not exist, skipping
NOTICE:  table "_fb_wal_batch" does not exist, skipping
NOTICE:  table "_fb_wal_commits" does not exist, skipping
NOTICE:  table "_fb_wal_events" does not exist, skipping
NOTICE:  table "_fb_wal_relevant_commits" does not exist, skipping
NOTICE:  schema "pg_temp" does not exist, skipping
NOTICE:  table "_fb_wal_lock_ids" does not exist, skipping
NOTICE:  table "_fb_wal_batch" does not exist, skipping
NOTICE:  table "_fb_wal_commits" does not exist, skipping
NOTICE:  table "_fb_wal_events" does not exist, skipping
NOTICE:  table "_fb_wal_relevant_commits" does not exist, skipping
NOTICE:  schema "pg_temp" does not exist, skipping
NOTICE:  table "_fb_wal_lock_ids" does not exist, skipping
NOTICE:  table "_fb_wal_batch" does not exist, skipping
NOTICE:  table "_fb_wal_commits" does not exist, skipping
NOTICE:  table "_fb_wal_events" does not exist, skipping
NOTICE:  table "_fb_wal_relevant_commits" does not exist, skipping
NOTICE:  schema "pg_temp" does not exist, skipping
NOTICE:  table "_fb_wal_lock_ids" does not exist, skipping
NOTICE:  table "_fb_wal_batch" does not exist, skipping
NOTICE:  table "_fb_wal_commits" does not exist, skipping
NOTICE:  table "_fb_wal_events" does not exist, skipping
NOTICE:  table "_fb_wal_relevant_commits" does not exist, skipping
NOTICE:  schema "pg_temp" does not exist, skipping
NOTICE:  table "_fb_wal_lock_ids" does not exist, skipping
NOTICE:  table "_fb_wal_batch" does not exist, skipping
NOTICE:  table "_fb_wal_commits" does not exist, skipping
NOTICE:  table "_fb_wal_events" does not exist, skipping
NOTICE:  table "_fb_wal_relevant_commits" does not exist, skipping
NOTICE:  schema "pg_temp" does not exist, skipping
NOTICE:  table "_fb_wal_lock_ids" does not exist, skipping
NOTICE:  table "_fb_wal_batch" does not exist, skipping
NOTICE:  table "_fb_wal_commits" does not exist, skipping
NOTICE:  table "_fb_wal_events" does not exist, skipping
NOTICE:  table "_fb_wal_relevant_commits" does not exist, skipping
NOTICE:  schema "pg_temp" does not exist, skipping
NOTICE:  table "_fb_wal_lock_ids" does not exist, skipping
NOTICE:  table "_fb_wal_batch" does not exist, skipping
NOTICE:  table "_fb_wal_commits" does not exist, skipping
NOTICE:  table "_fb_wal_events" does not exist, skipping
NOTICE:  table "_fb_wal_relevant_commits" does not exist, skipping
NOTICE:  schema "pg_temp" does not exist, skipping
NOTICE:  table "_fb_wal_lock_ids" does not exist, skipping
NOTICE:  table "_fb_wal_batch" does not exist, skipping
NOTICE:  table "_fb_wal_commits" does not exist, skipping
NOTICE:  table "_fb_wal_events" does not exist, skipping
NOTICE:  table "_fb_wal_relevant_commits" does not exist, skipping
NOTICE:  schema "pg_temp" does not exist, skipping
NOTICE:  table "_fb_wal_lock_ids" does not exist, skipping
NOTICE:  table "_fb_wal_batch" does not exist, skipping
NOTICE:  table "_fb_wal_commits" does not exist, skipping
NOTICE:  table "_fb_wal_events" does not exist, skipping
NOTICE:  table "_fb_wal_relevant_commits" does not exist, skipping
NOTICE:  schema "pg_temp" does not exist, skipping
NOTICE:  table "_fb_wal_lock_ids" does not exist, skipping
NOTICE:  table "_fb_wal_batch" does not exist, skipping
NOTICE:  table "_fb_wal_commits" does not exist, skipping
NOTICE:  table "_fb_wal_events" does not exist, skipping
NOTICE:  table "_fb_wal_relevant_commits" does not exist, skipping
NOTICE:  schema "pg_temp" does not exist, skipping
NOTICE:  table "_fb_wal_lock_ids" does not exist, skipping
NOTICE:  table "_fb_wal_batch" does not exist, skipping
NOTICE:  table "_fb_wal_commits" does not exist, skipping
NOTICE:  table "_fb_wal_events" does not exist, skipping
NOTICE:  table "_fb_wal_relevant_commits" does not exist, skipping
NOTICE:  schema "pg_temp" does not exist, skipping
NOTICE:  table "_fb_wal_lock_ids" does not exist, skipping
NOTICE:  table "_fb_wal_batch" does not exist, skipping
NOTICE:  table "_fb_wal_commits" does not exist, skipping
NOTICE:  table "_fb_wal_events" does not exist, skipping
NOTICE:  table "_fb_wal_relevant_commits" does not exist, skipping
NOTICE:  schema "pg_temp" does not exist, skipping
NOTICE:  table "_fb_wal_lock_ids" does not exist, skipping
NOTICE:  table "_fb_wal_batch" does not exist, skipping
NOTICE:  table "_fb_wal_commits" does not exist, skipping
NOTICE:  table "_fb_wal_events" does not exist, skipping
NOTICE:  table "_fb_wal_relevant_commits" does not exist, skipping
NOTICE:  schema "pg_temp" does not exist, skipping
NOTICE:  table "_fb_wal_lock_ids" does not exist, skipping
NOTICE:  table "_fb_wal_batch" does not exist, skipping
NOTICE:  table "_fb_wal_commits" does not exist, skipping
NOTICE:  table "_fb_wal_events" does not exist, skipping
NOTICE:  table "_fb_wal_relevant_commits" does not exist, skipping
NOTICE:  schema "pg_temp" does not exist, skipping
NOTICE:  table "_fb_wal_lock_ids" does not exist, skipping
NOTICE:  table "_fb_wal_batch" does not exist, skipping
NOTICE:  table "_fb_wal_commits" does not exist, skipping
NOTICE:  table "_fb_wal_events" does not exist, skipping
NOTICE:  table "_fb_wal_relevant_commits" does not exist, skipping
NOTICE:  schema "pg_temp" does not exist, skipping
NOTICE:  table "_fb_wal_lock_ids" does not exist, skipping
NOTICE:  table "_fb_wal_batch" does not exist, skipping
NOTICE:  table "_fb_wal_commits" does not exist, skipping
NOTICE:  table "_fb_wal_events" does not exist, skipping
NOTICE:  table "_fb_wal_relevant_commits" does not exist, skipping
NOTICE:  schema "pg_temp" does not exist, skipping
NOTICE:  table "_fb_wal_lock_ids" does not exist, skipping
NOTICE:  table "_fb_wal_batch" does not exist, skipping
NOTICE:  table "_fb_wal_commits" does not exist, skipping
NOTICE:  table "_fb_wal_events" does not exist, skipping
NOTICE:  table "_fb_wal_relevant_commits" does not exist, skipping
NOTICE:  schema "pg_temp" does not exist, skipping
NOTICE:  table "_fb_wal_lock_ids" does not exist, skipping
NOTICE:  table "_fb_wal_batch" does not exist, skipping
NOTICE:  table "_fb_wal_commits" does not exist, skipping
NOTICE:  table "_fb_wal_events" does not exist, skipping
NOTICE:  table "_fb_wal_relevant_commits" does not exist, skipping
NOTICE:  schema "pg_temp" does not exist, skipping
NOTICE:  table "_fb_wal_lock_ids" does not exist, skipping
NOTICE:  table "_fb_wal_batch" does not exist, skipping
NOTICE:  table "_fb_wal_commits" does not exist, skipping
NOTICE:  table "_fb_wal_events" does not exist, skipping
NOTICE:  table "_fb_wal_relevant_commits" does not exist, skipping
NOTICE:  schema "pg_temp" does not exist, skipping
NOTICE:  table "_fb_wal_lock_ids" does not exist, skipping
NOTICE:  table "_fb_wal_batch" does not exist, skipping
NOTICE:  table "_fb_wal_commits" does not exist, skipping
NOTICE:  table "_fb_wal_events" does not exist, skipping
NOTICE:  table "_fb_wal_relevant_commits" does not exist, skipping
NOTICE:  schema "pg_temp" does not exist, skipping
NOTICE:  table "_fb_wal_lock_ids" does not exist, skipping
NOTICE:  table "_fb_wal_batch" does not exist, skipping
NOTICE:  table "_fb_wal_commits" does not exist, skipping
NOTICE:  table "_fb_wal_events" does not exist, skipping
NOTICE:  table "_fb_wal_relevant_commits" does not exist, skipping
NOTICE:  schema "pg_temp" does not exist, skipping
NOTICE:  table "_fb_wal_lock_ids" does not exist, skipping
NOTICE:  table "_fb_wal_batch" does not exist, skipping
NOTICE:  table "_fb_wal_commits" does not exist, skipping
NOTICE:  table "_fb_wal_events" does not exist, skipping
NOTICE:  table "_fb_wal_relevant_commits" does not exist, skipping
NOTICE:  schema "pg_temp" does not exist, skipping
NOTICE:  table "_fb_wal_lock_ids" does not exist, skipping
NOTICE:  table "_fb_wal_batch" does not exist, skipping
NOTICE:  table "_fb_wal_commits" does not exist, skipping
NOTICE:  table "_fb_wal_events" does not exist, skipping
NOTICE:  table "_fb_wal_relevant_commits" does not exist, skipping
NOTICE:  schema "pg_temp" does not exist, skipping
NOTICE:  table "_fb_wal_lock_ids" does not exist, skipping
NOTICE:  table "_fb_wal_batch" does not exist, skipping
NOTICE:  table "_fb_wal_commits" does not exist, skipping
NOTICE:  table "_fb_wal_events" does not exist, skipping
NOTICE:  table "_fb_wal_relevant_commits" does not exist, skipping
NOTICE:  schema "pg_temp" does not exist, skipping
NOTICE:  table "_fb_wal_lock_ids" does not exist, skipping
NOTICE:  table "_fb_wal_batch" does not exist, skipping
NOTICE:  table "_fb_wal_commits" does not exist, skipping
NOTICE:  table "_fb_wal_events" does not exist, skipping
NOTICE:  table "_fb_wal_relevant_commits" does not exist, skipping
NOTICE:  schema "pg_temp" does not exist, skipping
NOTICE:  table "_fb_wal_lock_ids" does not exist, skipping
NOTICE:  table "_fb_wal_batch" does not exist, skipping
NOTICE:  table "_fb_wal_commits" does not exist, skipping
NOTICE:  table "_fb_wal_events" does not exist, skipping
NOTICE:  table "_fb_wal_relevant_commits" does not exist, skipping
NOTICE:  schema "pg_temp" does not exist, skipping
NOTICE:  table "_fb_wal_lock_ids" does not exist, skipping
NOTICE:  table "_fb_wal_batch" does not exist, skipping
NOTICE:  table "_fb_wal_commits" does not exist, skipping
NOTICE:  table "_fb_wal_events" does not exist, skipping
NOTICE:  table "_fb_wal_relevant_commits" does not exist, skipping
NOTICE:  schema "pg_temp" does not exist, skipping
NOTICE:  table "_fb_wal_lock_ids" does not exist, skipping
NOTICE:  table "_fb_wal_batch" does not exist, skipping
NOTICE:  table "_fb_wal_commits" does not exist, skipping
NOTICE:  table "_fb_wal_events" does not exist, skipping
NOTICE:  table "_fb_wal_relevant_commits" does not exist, skipping
NOTICE:  schema "pg_temp" does not exist, skipping
NOTICE:  table "_fb_wal_lock_ids" does not exist, skipping
NOTICE:  table "_fb_wal_batch" does not exist, skipping
NOTICE:  table "_fb_wal_commits" does not exist, skipping
NOTICE:  table "_fb_wal_events" does not exist, skipping
NOTICE:  table "_fb_wal_relevant_commits" does not exist, skipping
NOTICE:  schema "pg_temp" does not exist, skipping
NOTICE:  table "_fb_wal_lock_ids" does not exist, skipping
NOTICE:  table "_fb_wal_batch" does not exist, skipping
NOTICE:  table "_fb_wal_commits" does not exist, skipping
NOTICE:  table "_fb_wal_events" does not exist, skipping
NOTICE:  table "_fb_wal_relevant_commits" does not exist, skipping
NOTICE:  schema "pg_temp" does not exist, skipping
NOTICE:  table "_fb_wal_lock_ids" does not exist, skipping
NOTICE:  table "_fb_wal_batch" does not exist, skipping
NOTICE:  table "_fb_wal_commits" does not exist, skipping
NOTICE:  table "_fb_wal_events" does not exist, skipping
NOTICE:  table "_fb_wal_relevant_commits" does not exist, skipping
NOTICE:  schema "pg_temp" does not exist, skipping
NOTICE:  table "_fb_wal_lock_ids" does not exist, skipping
NOTICE:  table "_fb_wal_batch" does not exist, skipping
NOTICE:  table "_fb_wal_commits" does not exist, skipping
NOTICE:  table "_fb_wal_events" does not exist, skipping
NOTICE:  table "_fb_wal_relevant_commits" does not exist, skipping
NOTICE:  schema "pg_temp" does not exist, skipping
NOTICE:  table "_fb_wal_lock_ids" does not exist, skipping
NOTICE:  table "_fb_wal_batch" does not exist, skipping
NOTICE:  table "_fb_wal_commits" does not exist, skipping
NOTICE:  table "_fb_wal_events" does not exist, skipping
NOTICE:  table "_fb_wal_relevant_commits" does not exist, skipping
NOTICE:  schema "pg_temp" does not exist, skipping
NOTICE:  table "_fb_wal_lock_ids" does not exist, skipping
NOTICE:  table "_fb_wal_batch" does not exist, skipping
NOTICE:  table "_fb_wal_commits" does not exist, skipping
NOTICE:  table "_fb_wal_events" does not exist, skipping
NOTICE:  table "_fb_wal_relevant_commits" does not exist, skipping
NOTICE:  schema "pg_temp" does not exist, skipping
NOTICE:  table "_fb_wal_lock_ids" does not exist, skipping
NOTICE:  table "_fb_wal_batch" does not exist, skipping
NOTICE:  table "_fb_wal_commits" does not exist, skipping
NOTICE:  table "_fb_wal_events" does not exist, skipping
NOTICE:  table "_fb_wal_relevant_commits" does not exist, skipping
NOTICE:  schema "pg_temp" does not exist, skipping
NOTICE:  table "_fb_wal_lock_ids" does not exist, skipping
NOTICE:  table "_fb_wal_batch" does not exist, skipping
NOTICE:  table "_fb_wal_commits" does not exist, skipping
NOTICE:  table "_fb_wal_events" does not exist, skipping
NOTICE:  table "_fb_wal_relevant_commits" does not exist, skipping
NOTICE:  schema "pg_temp" does not exist, skipping
NOTICE:  table "_fb_wal_lock_ids" does not exist, skipping
NOTICE:  table "_fb_wal_batch" does not exist, skipping
NOTICE:  table "_fb_wal_commits" does not exist, skipping
NOTICE:  table "_fb_wal_events" does not exist, skipping
NOTICE:  table "_fb_wal_relevant_commits" does not exist, skipping
NOTICE:  schema "pg_temp" does not exist, skipping
NOTICE:  table "_fb_wal_lock_ids" does not exist, skipping
NOTICE:  table "_fb_wal_batch" does not exist, skipping
NOTICE:  table "_fb_wal_commits" does not exist, skipping
NOTICE:  table "_fb_wal_events" does not exist, skipping
NOTICE:  table "_fb_wal_relevant_commits" does not exist, skipping
NOTICE:  schema "pg_temp" does not exist, skipping
NOTICE:  table "_fb_wal_lock_ids" does not exist, skipping
NOTICE:  table "_fb_wal_batch" does not exist, skipping
NOTICE:  table "_fb_wal_commits" does not exist, skipping
NOTICE:  table "_fb_wal_events" does not exist, skipping
NOTICE:  table "_fb_wal_relevant_commits" does not exist, skipping
NOTICE:  schema "pg_temp" does not exist, skipping
NOTICE:  table "_fb_wal_lock_ids" does not exist, skipping
NOTICE:  table "_fb_wal_batch" does not exist, skipping
NOTICE:  table "_fb_wal_commits" does not exist, skipping
NOTICE:  table "_fb_wal_events" does not exist, skipping
NOTICE:  table "_fb_wal_relevant_commits" does not exist, skipping
NOTICE:  schema "pg_temp" does not exist, skipping
NOTICE:  table "_fb_wal_lock_ids" does not exist, skipping
NOTICE:  table "_fb_wal_batch" does not exist, skipping
NOTICE:  table "_fb_wal_commits" does not exist, skipping
NOTICE:  table "_fb_wal_events" does not exist, skipping
NOTICE:  table "_fb_wal_relevant_commits" does not exist, skipping
NOTICE:  schema "pg_temp" does not exist, skipping
NOTICE:  table "_fb_wal_lock_ids" does not exist, skipping
NOTICE:  table "_fb_wal_batch" does not exist, skipping
NOTICE:  table "_fb_wal_commits" does not exist, skipping
NOTICE:  table "_fb_wal_events" does not exist, skipping
NOTICE:  table "_fb_wal_relevant_commits" does not exist, skipping
NOTICE:  schema "pg_temp" does not exist, skipping
NOTICE:  table "_fb_wal_lock_ids" does not exist, skipping
NOTICE:  table "_fb_wal_batch" does not exist, skipping
NOTICE:  table "_fb_wal_commits" does not exist, skipping
NOTICE:  table "_fb_wal_events" does not exist, skipping
NOTICE:  table "_fb_wal_relevant_commits" does not exist, skipping
NOTICE:  schema "pg_temp" does not exist, skipping
NOTICE:  table "_fb_wal_lock_ids" does not exist, skipping
NOTICE:  table "_fb_wal_batch" does not exist, skipping
NOTICE:  table "_fb_wal_commits" does not exist, skipping
NOTICE:  table "_fb_wal_events" does not exist, skipping
NOTICE:  table "_fb_wal_relevant_commits" does not exist, skipping
NOTICE:  schema "pg_temp" does not exist, skipping
NOTICE:  table "_fb_wal_lock_ids" does not exist, skipping
NOTICE:  table "_fb_wal_batch" does not exist, skipping
NOTICE:  table "_fb_wal_commits" does not exist, skipping
NOTICE:  table "_fb_wal_events" does not exist, skipping
NOTICE:  table "_fb_wal_relevant_commits" does not exist, skipping
NOTICE:  schema "pg_temp" does not exist, skipping
NOTICE:  table "_fb_wal_lock_ids" does not exist, skipping
NOTICE:  table "_fb_wal_batch" does not exist, skipping
NOTICE:  table "_fb_wal_commits" does not exist, skipping
NOTICE:  table "_fb_wal_events" does not exist, skipping
NOTICE:  table "_fb_wal_relevant_commits" does not exist, skipping
NOTICE:  schema "pg_temp" does not exist, skipping
NOTICE:  table "_fb_wal_lock_ids" does not exist, skipping
NOTICE:  table "_fb_wal_batch" does not exist, skipping
NOTICE:  table "_fb_wal_commits" does not exist, skipping
NOTICE:  table "_fb_wal_events" does not exist, skipping
NOTICE:  table "_fb_wal_relevant_commits" does not exist, skipping
NOTICE:  schema "pg_temp" does not exist, skipping
NOTICE:  table "_fb_wal_lock_ids" does not exist, skipping
NOTICE:  table "_fb_wal_batch" does not exist, skipping
NOTICE:  table "_fb_wal_commits" does not exist, skipping
NOTICE:  table "_fb_wal_events" does not exist, skipping
NOTICE:  table "_fb_wal_relevant_commits" does not exist, skipping
NOTICE:  schema "pg_temp" does not exist, skipping
NOTICE:  table "_fb_wal_lock_ids" does not exist, skipping
NOTICE:  table "_fb_wal_batch" does not exist, skipping
NOTICE:  table "_fb_wal_commits" does not exist, skipping
NOTICE:  table "_fb_wal_events" does not exist, skipping
NOTICE:  table "_fb_wal_relevant_commits" does not exist, skipping
NOTICE:  schema "pg_temp" does not exist, skipping
NOTICE:  table "_fb_wal_lock_ids" does not exist, skipping
NOTICE:  table "_fb_wal_batch" does not exist, skipping
NOTICE:  table "_fb_wal_commits" does not exist, skipping
NOTICE:  table "_fb_wal_events" does not exist, skipping
NOTICE:  table "_fb_wal_relevant_commits" does not exist, skipping
NOTICE:  schema "pg_temp" does not exist, skipping
NOTICE:  table "_fb_wal_lock_ids" does not exist, skipping
NOTICE:  table "_fb_wal_batch" does not exist, skipping
NOTICE:  table "_fb_wal_commits" does not exist, skipping
NOTICE:  table "_fb_wal_events" does not exist, skipping
NOTICE:  table "_fb_wal_relevant_commits" does not exist, skipping
NOTICE:  schema "pg_temp" does not exist, skipping
NOTICE:  table "_fb_wal_lock_ids" does not exist, skipping
NOTICE:  table "_fb_wal_batch" does not exist, skipping
NOTICE:  table "_fb_wal_commits" does not exist, skipping
NOTICE:  table "_fb_wal_events" does not exist, skipping
NOTICE:  table "_fb_wal_relevant_commits" does not exist, skipping
NOTICE:  schema "pg_temp" does not exist, skipping
NOTICE:  table "_fb_wal_lock_ids" does not exist, skipping
NOTICE:  table "_fb_wal_batch" does not exist, skipping
NOTICE:  table "_fb_wal_commits" does not exist, skipping
NOTICE:  table "_fb_wal_events" does not exist, skipping
NOTICE:  table "_fb_wal_relevant_commits" does not exist, skipping
NOTICE:  schema "pg_temp" does not exist, skipping
NOTICE:  table "_fb_wal_lock_ids" does not exist, skipping
NOTICE:  table "_fb_wal_batch" does not exist, skipping
NOTICE:  table "_fb_wal_commits" does not exist, skipping
NOTICE:  table "_fb_wal_events" does not exist, skipping
NOTICE:  table "_fb_wal_relevant_commits" does not exist, skipping
NOTICE:  schema "pg_temp" does not exist, skipping
NOTICE:  table "_fb_wal_lock_ids" does not exist, skipping
NOTICE:  table "_fb_wal_batch" does not exist, skipping
NOTICE:  table "_fb_wal_commits" does not exist, skipping
NOTICE:  table "_fb_wal_events" does not exist, skipping
NOTICE:  table "_fb_wal_relevant_commits" does not exist, skipping
NOTICE:  schema "pg_temp" does not exist, skipping
NOTICE:  table "_fb_wal_lock_ids" does not exist, skipping
NOTICE:  table "_fb_wal_batch" does not exist, skipping
NOTICE:  table "_fb_wal_commits" does not exist, skipping
NOTICE:  table "_fb_wal_events" does not exist, skipping
NOTICE:  table "_fb_wal_relevant_commits" does not exist, skipping
NOTICE:  schema "pg_temp" does not exist, skipping
NOTICE:  table "_fb_wal_lock_ids" does not exist, skipping
NOTICE:  table "_fb_wal_batch" does not exist, skipping
NOTICE:  table "_fb_wal_commits" does not exist, skipping
NOTICE:  table "_fb_wal_events" does not exist, skipping
NOTICE:  table "_fb_wal_relevant_commits" does not exist, skipping
NOTICE:  schema "pg_temp" does not exist, skipping
NOTICE:  table "_fb_wal_lock_ids" does not exist, skipping
NOTICE:  table "_fb_wal_batch" does not exist, skipping
NOTICE:  table "_fb_wal_commits" does not exist, skipping
NOTICE:  table "_fb_wal_events" does not exist, skipping
NOTICE:  table "_fb_wal_relevant_commits" does not exist, skipping
NOTICE:  schema "pg_temp" does not exist, skipping
NOTICE:  table "_fb_wal_lock_ids" does not exist, skipping
NOTICE:  table "_fb_wal_batch" does not exist, skipping
NOTICE:  table "_fb_wal_commits" does not exist, skipping
NOTICE:  table "_fb_wal_events" does not exist, skipping
NOTICE:  table "_fb_wal_relevant_commits" does not exist, skipping
NOTICE:  schema "pg_temp" does not exist, skipping
NOTICE:  table "_fb_wal_lock_ids" does not exist, skipping
NOTICE:  table "_fb_wal_batch" does not exist, skipping
NOTICE:  table "_fb_wal_commits" does not exist, skipping
NOTICE:  table "_fb_wal_events" does not exist, skipping
NOTICE:  table "_fb_wal_relevant_commits" does not exist, skipping
NOTICE:  schema "pg_temp" does not exist, skipping
NOTICE:  table "_fb_wal_lock_ids" does not exist, skipping
NOTICE:  table "_fb_wal_batch" does not exist, skipping
NOTICE:  table "_fb_wal_commits" does not exist, skipping
NOTICE:  table "_fb_wal_events" does not exist, skipping
NOTICE:  table "_fb_wal_relevant_commits" does not exist, skipping
NOTICE:  schema "pg_temp" does not exist, skipping
NOTICE:  table "_fb_wal_lock_ids" does not exist, skipping
NOTICE:  table "_fb_wal_batch" does not exist, skipping
NOTICE:  table "_fb_wal_commits" does not exist, skipping
NOTICE:  table "_fb_wal_events" does not exist, skipping
NOTICE:  table "_fb_wal_relevant_commits" does not exist, skipping
NOTICE:  schema "pg_temp" does not exist, skipping
NOTICE:  table "_fb_wal_lock_ids" does not exist, skipping
NOTICE:  table "_fb_wal_batch" does not exist, skipping
NOTICE:  table "_fb_wal_commits" does not exist, skipping
NOTICE:  table "_fb_wal_events" does not exist, skipping
NOTICE:  table "_fb_wal_relevant_commits" does not exist, skipping
NOTICE:  schema "pg_temp" does not exist, skipping
NOTICE:  table "_fb_wal_lock_ids" does not exist, skipping
NOTICE:  table "_fb_wal_batch" does not exist, skipping
NOTICE:  table "_fb_wal_commits" does not exist, skipping
NOTICE:  table "_fb_wal_events" does not exist, skipping
NOTICE:  table "_fb_wal_relevant_commits" does not exist, skipping
NOTICE:  schema "pg_temp" does not exist, skipping
NOTICE:  table "_fb_wal_lock_ids" does not exist, skipping
NOTICE:  table "_fb_wal_batch" does not exist, skipping
NOTICE:  table "_fb_wal_commits" does not exist, skipping
NOTICE:  table "_fb_wal_events" does not exist, skipping
NOTICE:  table "_fb_wal_relevant_commits" does not exist, skipping
NOTICE:  schema "pg_temp" does not exist, skipping
NOTICE:  table "_fb_wal_lock_ids" does not exist, skipping
NOTICE:  table "_fb_wal_batch" does not exist, skipping
NOTICE:  table "_fb_wal_commits" does not exist, skipping
NOTICE:  table "_fb_wal_events" does not exist, skipping
NOTICE:  table "_fb_wal_relevant_commits" does not exist, skipping
NOTICE:  schema "pg_temp" does not exist, skipping
NOTICE:  table "_fb_wal_lock_ids" does not exist, skipping
NOTICE:  table "_fb_wal_batch" does not exist, skipping
NOTICE:  table "_fb_wal_commits" does not exist, skipping
NOTICE:  table "_fb_wal_events" does not exist, skipping
NOTICE:  table "_fb_wal_relevant_commits" does not exist, skipping
NOTICE:  schema "pg_temp" does not exist, skipping
NOTICE:  table "_fb_wal_lock_ids" does not exist, skipping
NOTICE:  table "_fb_wal_batch" does not exist, skipping
NOTICE:  table "_fb_wal_commits" does not exist, skipping
NOTICE:  table "_fb_wal_events" does not exist, skipping
NOTICE:  table "_fb_wal_relevant_commits" does not exist, skipping
NOTICE:  schema "pg_temp" does not exist, skipping
NOTICE:  table "_fb_wal_lock_ids" does not exist, skipping
NOTICE:  table "_fb_wal_batch" does not exist, skipping
NOTICE:  table "_fb_wal_commits" does not exist, skipping
NOTICE:  table "_fb_wal_events" does not exist, skipping
NOTICE:  table "_fb_wal_relevant_commits" does not exist, skipping
NOTICE:  schema "pg_temp" does not exist, skipping
NOTICE:  table "_fb_wal_lock_ids" does not exist, skipping
NOTICE:  table "_fb_wal_batch" does not exist, skipping
NOTICE:  table "_fb_wal_commits" does not exist, skipping
NOTICE:  table "_fb_wal_events" does not exist, skipping
NOTICE:  table "_fb_wal_relevant_commits" does not exist, skipping
NOTICE:  schema "pg_temp" does not exist, skipping
NOTICE:  table "_fb_wal_lock_ids" does not exist, skipping
NOTICE:  table "_fb_wal_batch" does not exist, skipping
NOTICE:  table "_fb_wal_commits" does not exist, skipping
NOTICE:  table "_fb_wal_events" does not exist, skipping
NOTICE:  table "_fb_wal_relevant_commits" does not exist, skipping
NOTICE:  schema "pg_temp" does not exist, skipping
NOTICE:  table "_fb_wal_lock_ids" does not exist, skipping
NOTICE:  table "_fb_wal_batch" does not exist, skipping
NOTICE:  table "_fb_wal_commits" does not exist, skipping
NOTICE:  table "_fb_wal_events" does not exist, skipping
NOTICE:  table "_fb_wal_relevant_commits" does not exist, skipping
NOTICE:  schema "pg_temp" does not exist, skipping
NOTICE:  table "_fb_wal_lock_ids" does not exist, skipping
NOTICE:  table "_fb_wal_batch" does not exist, skipping
NOTICE:  table "_fb_wal_commits" does not exist, skipping
NOTICE:  table "_fb_wal_events" does not exist, skipping
NOTICE:  table "_fb_wal_relevant_commits" does not exist, skipping
NOTICE:  schema "pg_temp" does not exist, skipping
NOTICE:  table "_fb_wal_lock_ids" does not exist, skipping
NOTICE:  table "_fb_wal_batch" does not exist, skipping
NOTICE:  table "_fb_wal_commits" does not exist, skipping
NOTICE:  table "_fb_wal_events" does not exist, skipping
NOTICE:  table "_fb_wal_relevant_commits" does not exist, skipping
NOTICE:  schema "pg_temp" does not exist, skipping
NOTICE:  table "_fb_wal_lock_ids" does not exist, skipping
NOTICE:  table "_fb_wal_batch" does not exist, skipping
NOTICE:  table "_fb_wal_commits" does not exist, skipping
NOTICE:  table "_fb_wal_events" does not exist, skipping
NOTICE:  table "_fb_wal_relevant_commits" does not exist, skipping
NOTICE:  schema "pg_temp" does not exist, skipping
NOTICE:  table "_fb_wal_lock_ids" does not exist, skipping
NOTICE:  table "_fb_wal_batch" does not exist, skipping
NOTICE:  table "_fb_wal_commits" does not exist, skipping
NOTICE:  table "_fb_wal_events" does not exist, skipping
NOTICE:  table "_fb_wal_relevant_commits" does not exist, skipping
NOTICE:  schema "pg_temp" does not exist, skipping
NOTICE:  table "_fb_wal_lock_ids" does not exist, skipping
NOTICE:  table "_fb_wal_batch" does not exist, skipping
NOTICE:  table "_fb_wal_commits" does not exist, skipping
NOTICE:  table "_fb_wal_events" does not exist, skipping
NOTICE:  table "_fb_wal_relevant_commits" does not exist, skipping
NOTICE:  schema "pg_temp" does not exist, skipping
NOTICE:  table "_fb_wal_lock_ids" does not exist, skipping
NOTICE:  table "_fb_wal_batch" does not exist, skipping
NOTICE:  table "_fb_wal_commits" does not exist, skipping
NOTICE:  table "_fb_wal_events" does not exist, skipping
NOTICE:  table "_fb_wal_relevant_commits" does not exist, skipping
NOTICE:  schema "pg_temp" does not exist, skipping
NOTICE:  table "_fb_wal_lock_ids" does not exist, skipping
NOTICE:  table "_fb_wal_batch" does not exist, skipping
NOTICE:  table "_fb_wal_commits" does not exist, skipping
NOTICE:  table "_fb_wal_events" does not exist, skipping
NOTICE:  table "_fb_wal_relevant_commits" does not exist, skipping
NOTICE:  schema "pg_temp" does not exist, skipping
NOTICE:  table "_fb_wal_lock_ids" does not exist, skipping
NOTICE:  table "_fb_wal_batch" does not exist, skipping
NOTICE:  table "_fb_wal_commits" does not exist, skipping
NOTICE:  table "_fb_wal_events" does not exist, skipping
NOTICE:  table "_fb_wal_relevant_commits" does not exist, skipping
NOTICE:  schema "pg_temp" does not exist, skipping
NOTICE:  table "_fb_wal_lock_ids" does not exist, skipping
NOTICE:  table "_fb_wal_batch" does not exist, skipping
NOTICE:  table "_fb_wal_commits" does not exist, skipping
NOTICE:  table "_fb_wal_events" does not exist, skipping
NOTICE:  table "_fb_wal_relevant_commits" does not exist, skipping
NOTICE:  schema "pg_temp" does not exist, skipping
NOTICE:  table "_fb_wal_lock_ids" does not exist, skipping
NOTICE:  table "_fb_wal_batch" does not exist, skipping
NOTICE:  table "_fb_wal_commits" does not exist, skipping
NOTICE:  table "_fb_wal_events" does not exist, skipping
NOTICE:  table "_fb_wal_relevant_commits" does not exist, skipping
NOTICE:  schema "pg_temp" does not exist, skipping
NOTICE:  table "_fb_wal_lock_ids" does not exist, skipping
NOTICE:  table "_fb_wal_batch" does not exist, skipping
NOTICE:  table "_fb_wal_commits" does not exist, skipping
NOTICE:  table "_fb_wal_events" does not exist, skipping
NOTICE:  table "_fb_wal_relevant_commits" does not exist, skipping
NOTICE:  schema "pg_temp" does not exist, skipping
NOTICE:  table "_fb_wal_lock_ids" does not exist, skipping
NOTICE:  table "_fb_wal_batch" does not exist, skipping
NOTICE:  table "_fb_wal_commits" does not exist, skipping
NOTICE:  table "_fb_wal_events" does not exist, skipping
NOTICE:  table "_fb_wal_relevant_commits" does not exist, skipping
NOTICE:  schema "pg_temp" does not exist, skipping
NOTICE:  table "_fb_wal_lock_ids" does not exist, skipping
NOTICE:  table "_fb_wal_batch" does not exist, skipping
NOTICE:  table "_fb_wal_commits" does not exist, skipping
NOTICE:  table "_fb_wal_events" does not exist, skipping
NOTICE:  table "_fb_wal_relevant_commits" does not exist, skipping
NOTICE:  schema "pg_temp" does not exist, skipping
NOTICE:  table "_fb_wal_lock_ids" does not exist, skipping
NOTICE:  table "_fb_wal_batch" does not exist, skipping
NOTICE:  table "_fb_wal_commits" does not exist, skipping
NOTICE:  table "_fb_wal_events" does not exist, skipping
NOTICE:  table "_fb_wal_relevant_commits" does not exist, skipping
NOTICE:  schema "pg_temp" does not exist, skipping
NOTICE:  table "_fb_wal_lock_ids" does not exist, skipping
NOTICE:  table "_fb_wal_batch" does not exist, skipping
NOTICE:  table "_fb_wal_commits" does not exist, skipping
NOTICE:  table "_fb_wal_events" does not exist, skipping
NOTICE:  table "_fb_wal_relevant_commits" does not exist, skipping
NOTICE:  schema "pg_temp" does not exist, skipping
NOTICE:  table "_fb_wal_lock_ids" does not exist, skipping
NOTICE:  table "_fb_wal_batch" does not exist, skipping
NOTICE:  table "_fb_wal_commits" does not exist, skipping
NOTICE:  table "_fb_wal_events" does not exist, skipping
NOTICE:  table "_fb_wal_relevant_commits" does not exist, skipping
NOTICE:  schema "pg_temp" does not exist, skipping
NOTICE:  table "_fb_wal_lock_ids" does not exist, skipping
NOTICE:  table "_fb_wal_batch" does not exist, skipping
NOTICE:  table "_fb_wal_commits" does not exist, skipping
NOTICE:  table "_fb_wal_events" does not exist, skipping
NOTICE:  table "_fb_wal_relevant_commits" does not exist, skipping
NOTICE:  schema "pg_temp" does not exist, skipping
NOTICE:  table "_fb_wal_lock_ids" does not exist, skipping
NOTICE:  table "_fb_wal_batch" does not exist, skipping
NOTICE:  table "_fb_wal_commits" does not exist, skipping
NOTICE:  table "_fb_wal_events" does not exist, skipping
NOTICE:  table "_fb_wal_relevant_commits" does not exist, skipping
NOTICE:  schema "pg_temp" does not exist, skipping
NOTICE:  table "_fb_wal_lock_ids" does not exist, skipping
NOTICE:  table "_fb_wal_batch" does not exist, skipping
NOTICE:  table "_fb_wal_commits" does not exist, skipping
NOTICE:  table "_fb_wal_events" does not exist, skipping
NOTICE:  table "_fb_wal_relevant_commits" does not exist, skipping
NOTICE:  schema "pg_temp" does not exist, skipping
NOTICE:  table "_fb_wal_lock_ids" does not exist, skipping
NOTICE:  table "_fb_wal_batch" does not exist, skipping
NOTICE:  table "_fb_wal_commits" does not exist, skipping
NOTICE:  table "_fb_wal_events" does not exist, skipping
NOTICE:  table "_fb_wal_relevant_commits" does not exist, skipping
[exact-candidate-drop] 21:47:21 building quoted/TOAST DROP relation: 2000 rows
NOTICE:  schema "pg_temp" does not exist, skipping
NOTICE:  table "_fb_wal_lock_ids" does not exist, skipping
NOTICE:  table "_fb_wal_batch" does not exist, skipping
NOTICE:  table "_fb_wal_commits" does not exist, skipping
NOTICE:  table "_fb_wal_events" does not exist, skipping
NOTICE:  table "_fb_wal_relevant_commits" does not exist, skipping
NOTICE:  schema "pg_temp" does not exist, skipping
NOTICE:  table "_fb_wal_lock_ids" does not exist, skipping
NOTICE:  table "_fb_wal_batch" does not exist, skipping
NOTICE:  table "_fb_wal_commits" does not exist, skipping
NOTICE:  table "_fb_wal_events" does not exist, skipping
NOTICE:  table "_fb_wal_relevant_commits" does not exist, skipping
[exact-candidate-drop] 21:47:25 building backup DROP relation: 20000 base + 1000 WAL rows
[exact-candidate-drop] 21:47:29 backup anchor 20260723-214726F stop=0/47000290
NOTICE:  schema "pg_temp" does not exist, skipping
NOTICE:  table "_fb_wal_lock_ids" does not exist, skipping
NOTICE:  table "_fb_wal_batch" does not exist, skipping
NOTICE:  table "_fb_wal_commits" does not exist, skipping
NOTICE:  table "_fb_wal_events" does not exist, skipping
NOTICE:  table "_fb_wal_relevant_commits" does not exist, skipping
NOTICE:  table "backup_drop_medium" does not exist, skipping
NOTICE:  schema "pg_temp" does not exist, skipping
NOTICE:  table "_fb_wal_lock_ids" does not exist, skipping
NOTICE:  table "_fb_wal_batch" does not exist, skipping
NOTICE:  table "_fb_wal_commits" does not exist, skipping
NOTICE:  table "_fb_wal_events" does not exist, skipping
NOTICE:  table "_fb_wal_relevant_commits" does not exist, skipping
WARNING:  pg_flashback: tracking_id 5 requires action backup_reanchor_required after production swap; take a new qualifying FULL backup
[exact-candidate-drop] 21:47:36 DROP qualification passed: 13 destructive DROP-to-restore cases
[exact-candidate-drop] 21:47:36 result written: /home/caghan.linux/table-restore/pg_flashback/target/exact-candidate-drop/results/exact-candidate-drop-20260723T184635Z-59378.json status=passed drops=13/13
[exact-candidate-drop] 21:47:36 artifacts kept at /home/caghan.linux/table-restore/pg_flashback/target/exact-candidate-drop/runs/20260723T184635Z-59378
