waiting for server to start.... done
server started
[exact-wal-bench] 21:51:42 scale=1000
NOTICE:  table "bench_t_1000" does not exist, skipping
NOTICE:  pg_flashback: created logical replication slot pg_flashback_postgres
t
NOTICE:  table "__fb_lsn_shadow_1" does not exist, skipping
NOTICE:  table "__fb_lsn_shadow_1" does not exist, skipping
NOTICE:  table "bench_t_1000" does not exist, skipping
NOTICE:  pg_flashback: restore applied at target LSN 0/1860798; successor coverage is pending until this transaction COMMIT is consumed. Check flashback_health() before another historical operation.
[exact-wal-bench] 21:51:43 scale=1000 elapsed_ms=210 rps=4761.9 fp_ok=true
[exact-wal-bench] 21:51:43 scale=10000
NOTICE:  table "bench_t_10000" does not exist, skipping
t
NOTICE:  table "__fb_lsn_shadow_2" does not exist, skipping
NOTICE:  table "__fb_lsn_shadow_2" does not exist, skipping
NOTICE:  table "bench_t_10000" does not exist, skipping
NOTICE:  pg_flashback: restore applied at target LSN 0/1AC4148; successor coverage is pending until this transaction COMMIT is consumed. Check flashback_health() before another historical operation.
[exact-wal-bench] 21:51:46 scale=10000 elapsed_ms=1592 rps=6281.4 fp_ok=true
[exact-wal-bench] 21:51:46 result: /home/caghan.linux/table-restore/pg_flashback/target/qualification/exact-wal-restore-benchmark-20260723T185141Z-86475.json
