waiting for server to start.... done
server started
NOTICE:  table "wal_ov" does not exist, skipping
NOTICE:  pg_flashback: created logical replication slot pg_flashback_postgres
[exact-wal-overhead] 21:51:47 result: /home/caghan.linux/table-restore/pg_flashback/target/qualification/exact-wal-overhead-20260723T185146Z-86760.json
{
  "qualification_kind": "exact_wal_overhead",
  "status": "passed",
  "identity": {
    "candidate_dir": "/home/caghan.linux/table-restore/pg_flashback/target/candidate/722dabfe3d40a152a0308148f0fe12c794f6f49d",
    "source_commit": "722dabfe3d40a152a0308148f0fe12c794f6f49d",
    "source_tree": "28b07d59b07b410a377042c13988b49b798a03e1",
    "package_sha256": "0d703c299b1dce6162a6ebde96eab1c57ae9b288ee590ccfa32d68e580313e51",
    "extension_binary_sha256": "61a21338d8ccbd72a0ad61df641d67e887ede38610298d3722fc2dbcba11c900",
    "helper_binary_sha256": "a17cfb25b1cacb6400da3420d62171bc939a6a501b5735fce17764a0ac6c93b6",
    "installed_extension_path": "",
    "installed_extension_sha256": "",
    "installed_helper_path": "",
    "installed_helper_sha256": "",
    "arch": "aarch64",
    "pg_major": "17",
    "install_source": "candidate_archives_only"
  },
  "rows": 500,
  "wal_bytes_delta": {
    "default": 56000,
    "replica_identity_full": 59952,
    "local_delta_tracked": 59952
  },
  "note": "Bound to Phase 8 candidate identity; estimates only from this evidence"
}
