pg_flashback-candidate-b3b8ba5d8730-pg17-aarch64-linux.tar.gz: OK
./pg_flashback-candidate-b3b8ba5d8730-pg17-aarch64-linux.tar.gz: OK
./pg_flashback-candidate-b3b8ba5d8730-src.tar.gz: OK
./pg-flashback-recovery-candidate-b3b8ba5d8730-aarch64-linux.tar.gz: OK
[clean-host-smoke] 03:37:19 extracting candidate archives (source_commit=b3b8ba5d8730dd80595f7c51764dd0e4e0641b03 package_sha=556711323dd2cfc30c76075c45e086f8cf5f19db05460766a9c04b7c766a29f0)
[clean-host-smoke] 03:37:19 PASS[1]: installed extension+helper+CLI from candidate archives only
2026-07-23 03:37:19.968 P00   INFO: stanza-create command begin 2.53.1: --config=/tmp/pgfb-clean-host-20260723T003719Z-2145800/pgbackrest.conf --exec-id=2145866-28cce51c --log-level-console=info --log-level-file=detail --log-path=/tmp/pgfb-clean-host-20260723T003719Z-2145800/log --pg1-path=/tmp/pgfb-clean-host-20260723T003719Z-2145800/primary --pg1-port=41800 --pg1-socket-path=/tmp/pgfb-ch-20260723T003719Z-2145800 --repo1-path=/tmp/pgfb-clean-host-20260723T003719Z-2145800/repo --stanza=clean_host
2026-07-23 03:37:20.583 P00   INFO: stanza-create for stanza 'clean_host' on repo1
2026-07-23 03:37:20.588 P00   INFO: stanza-create command end: completed successfully (621ms)
[clean-host-smoke] 03:37:20 PASS[2]: CREATE EXTENSION from candidate archive
[clean-host-smoke] 03:37:20 PASS[3]: pg_flashback doctor
NOTICE:  pg_flashback: created logical replication slot pg_flashback_cleandb
[clean-host-smoke] 03:37:21 PASS[4]: pg_flashback protect
NOTICE:  table "__fb_lsn_shadow_1" does not exist, skipping
NOTICE:  table "__fb_lsn_shadow_1" does not exist, skipping
NOTICE:  table "orders" does not exist, skipping
NOTICE:  pg_flashback: restore applied at target LSN 0/1C02A00; successor coverage is pending until this transaction COMMIT is consumed. Check flashback_health() before another historical operation.
[clean-host-smoke] 03:37:21 PASS[5]: pg_flashback protect/DROP/recover fingerprint
[clean-host-smoke] 03:37:21 PASS[6]: local SQL track activation
2026-07-23 03:37:21.661 P00   INFO: backup command begin 2.53.1: --compress-type=none --config=/tmp/pgfb-clean-host-20260723T003719Z-2145800/pgbackrest.conf --exec-id=2146093-10e7b123 --no-expire-auto --log-level-console=info --log-level-file=detail --log-path=/tmp/pgfb-clean-host-20260723T003719Z-2145800/log --pg1-path=/tmp/pgfb-clean-host-20260723T003719Z-2145800/primary --pg1-port=41800 --pg1-socket-path=/tmp/pgfb-ch-20260723T003719Z-2145800 --no-repo1-block --no-repo1-bundle --repo1-hardlink --repo1-path=/tmp/pgfb-clean-host-20260723T003719Z-2145800/repo --repo1-retention-full=99 --stanza=clean_host --start-fast --type=full
2026-07-23 03:37:22.376 P00   INFO: execute non-exclusive backup start: backup begins after the requested immediate checkpoint completes
2026-07-23 03:37:22.792 P00   INFO: backup start archive = 000000010000000000000003, lsn = 0/3000028
2026-07-23 03:37:22.792 P00   INFO: check archive for prior segment 000000010000000000000002
2026-07-23 03:37:23.919 P00   INFO: execute non-exclusive backup stop and wait for all WAL segments to archive
2026-07-23 03:37:24.124 P00   INFO: backup stop archive = 000000010000000000000004, lsn = 0/4000578
2026-07-23 03:37:24.125 P00   INFO: check archive for segment(s) 000000010000000000000003:000000010000000000000004
2026-07-23 03:37:24.139 P00   INFO: new backup label = 20260723-033722F
2026-07-23 03:37:24.154 P00   INFO: full backup size = 32.7MB, file total = 1450
2026-07-23 03:37:24.154 P00   INFO: backup command end: completed successfully (2494ms)
[clean-host-smoke] 03:37:24 PASS[7]: operator FULL0 created: 20260723-033722F
NOTICE:  schema "pg_temp" does not exist, skipping
NOTICE:  table "_fb_wal_lock_ids" does not exist, skipping
NOTICE:  table "_fb_wal_batch" does not exist, skipping
NOTICE:  table "_fb_wal_commits" does not exist, skipping
NOTICE:  table "_fb_wal_events" does not exist, skipping
NOTICE:  table "_fb_wal_relevant_commits" does not exist, skipping
[clean-host-smoke] 03:37:26 PASS[8]: retained FULL+WAL activation
[clean-host-smoke] 03:37:26 PASS[9]: anchor reconcile dry-run and live (no FULL created)
[clean-host-smoke] 03:37:29 PASS[10]: real pgBackRest table restore
[clean-host-smoke] 03:37:29 PASS[11]: health checks (health=healthy)
[clean-host-smoke] 03:37:29 PASS[12]: uninstall/cleanup
[clean-host-smoke] 03:37:29 COMPLETE: 12 assertions; /tmp/pgfb-clean-host-20260723T003719Z-2145800/result.json
