=== START fmt 00:34:03 ===
=== PASS fmt ===
=== START fmt_helper 00:34:03 ===
=== PASS fmt_helper ===
=== START clippy 00:34:03 ===
=== PASS clippy ===
=== START clippy_helper 00:34:03 ===
=== PASS clippy_helper ===
=== START audit 00:34:03 ===
=== PASS audit ===
=== START deny 00:34:05 ===
=== PASS deny ===
=== START deny_helper 00:34:06 ===
=== PASS deny_helper ===
=== START package_sbom 00:34:07 ===
=== PASS package_sbom ===
=== START pgrx_test_pg15 00:34:07 ===
=== PASS pgrx_test_pg15 ===
=== START pgrx_test_pg16 00:34:24 ===
=== PASS pgrx_test_pg16 ===
=== START pgrx_test_pg17 00:34:41 ===
=== PASS pgrx_test_pg17 ===
=== START pgrx_test_pg18 00:34:48 ===
=== PASS pgrx_test_pg18 ===
=== START exact_wal_matrix 00:35:04 ===
=== PASS exact_wal_matrix ===
=== START upgrade_e2e 00:37:07 ===
=== PASS upgrade_e2e ===
=== START restore_benchmark 00:37:12 ===
=== PASS restore_benchmark ===
=== START wal_overhead 00:37:18 ===
=== PASS wal_overhead ===
=== START clean_host 00:37:19 ===
=== PASS clean_host ===
=== START ha_promotion 00:37:29 ===
=== PASS ha_promotion ===
