waiting for server to start.... done
server started
[exact-wal-bench] 03:37:12 scale=1000
NOTICE:  table "bench_t_1000" does not exist, skipping
NOTICE:  pg_flashback: created logical replication slot pg_flashback_postgres
t
NOTICE:  table "__fb_lsn_shadow_1" does not exist, skipping
NOTICE:  table "__fb_lsn_shadow_1" does not exist, skipping
NOTICE:  table "bench_t_1000" does not exist, skipping
NOTICE:  pg_flashback: restore applied at target LSN 0/1863570; successor coverage is pending until this transaction COMMIT is consumed. Check flashback_health() before another historical operation.
[exact-wal-bench] 03:37:15 scale=1000 elapsed_ms=196 rps=5102.0 fp_ok=true
[exact-wal-bench] 03:37:15 scale=10000
NOTICE:  table "bench_t_10000" does not exist, skipping
t
NOTICE:  table "__fb_lsn_shadow_2" does not exist, skipping
NOTICE:  table "__fb_lsn_shadow_2" does not exist, skipping
NOTICE:  table "bench_t_10000" does not exist, skipping
NOTICE:  pg_flashback: restore applied at target LSN 0/1AC6668; successor coverage is pending until this transaction COMMIT is consumed. Check flashback_health() before another historical operation.
[exact-wal-bench] 03:37:18 scale=10000 elapsed_ms=1634 rps=6120.0 fp_ok=true
[exact-wal-bench] 03:37:18 result: /home/caghan.linux/table-restore/pg_flashback/target/qualification/exact-wal-restore-benchmark-20260723T003712Z-2145296.json
