waiting for server to start.... done
server started
NOTICE:  table "wal_ov" does not exist, skipping
NOTICE:  pg_flashback: created logical replication slot pg_flashback_postgres
[exact-wal-overhead] 03:37:19 result: /home/caghan.linux/table-restore/pg_flashback/target/qualification/exact-wal-overhead-20260723T003718Z-2145570.json
{
  "qualification_kind": "exact_wal_overhead",
  "status": "passed",
  "identity": {
    "candidate_dir": "/home/caghan.linux/table-restore/pg_flashback/target/candidate/b3b8ba5d8730dd80595f7c51764dd0e4e0641b03",
    "source_commit": "b3b8ba5d8730dd80595f7c51764dd0e4e0641b03",
    "source_tree": "4539f1d90791cd12028eb5418a0744633a7fae46",
    "package_sha256": "556711323dd2cfc30c76075c45e086f8cf5f19db05460766a9c04b7c766a29f0",
    "extension_binary_sha256": "f6c29e6c05b46149c01aff8a0ce623888484edc852b90049e1e2bf2b1f032a50",
    "helper_binary_sha256": "a17cfb25b1cacb6400da3420d62171bc939a6a501b5735fce17764a0ac6c93b6",
    "installed_extension_path": "",
    "installed_extension_sha256": "",
    "installed_helper_path": "",
    "installed_helper_sha256": "",
    "arch": "aarch64",
    "pg_major": "17",
    "install_source": "candidate_archives_only"
  },
  "rows": 500,
  "wal_bytes_delta": {
    "default": 56080,
    "replica_identity_full": 59976,
    "local_delta_tracked": 59976
  },
  "note": "Bound to Phase 8 candidate identity; estimates only from this evidence"
}
